node.exe : (node:14536) 
ExperimentalWarning: 
CommonJS module C:\Users\ASU
S\AppData\Roaming\npm\node_m
odules\npm\node_modules\debu
g\src\node.js is loading ES 
Module C:\Users\ASUS\AppData
\Roaming\npm\node_modules\np
m\node_modules\supports-colo
r\index.js using require().
At C:\Program 
Files\nodejs\npx.ps1:29 
char:3
+   & $NODE_EXE $NPX_CLI_JS 
$args
+   ~~~~~~~~~~~~~~~~~~~~~~~~
~~~~~
    + CategoryInfo          
    : NotSpecified: ((node  
  :14536) Ex...sing requi   
 re().:String) [], Remot    
eException
    + FullyQualifiedErrorId 
    : NativeCommandError
 
Support for loading ES 
Module in require() is an 
experimental feature and 
might change at any time
(Use `node --trace-warnings 
...` to show where the 
warning was created)
src/pages/dashboard/AdminDashboard.tsx(1,8): error TS6133: 'React' is declared but its value is never read.
src/pages/dashboard/LogistikDashboard.tsx(6,59): error TS6133: 'ArrowRight' is declared but its value is never read.
src/pages/dashboard/PetambakDashboard.tsx(2,1): error TS6133: 'FormEvent' is declared but its value is never read.
