(node:21704) ExperimentalWarning: CommonJS module C:\Users\ASUS\AppData\Roaming\npm\node_modules\npm\node_modules\debug\src\node.js is loading ES Module C:\Users\ASUS\AppData\Roaming\npm\node_modules\npm\node_modules\supports-color\index.js using require().
Support for loading ES Module in require() is an experimental feature and might change at any time
(Use `node --trace-warnings ...` to show where the warning was created)
